Component: ARM Compiler 5.06 update 7 (build 960) Tool: armlink [4d3601]

==============================================================================

Section Cross References

    main.o(i.Task1_Entry) refers to main.o(i.delay) for delay
    main.o(i.Task1_Entry) refers to main.o(.data) for flag1
    main.o(i.Task2_Entry) refers to main.o(i.delay) for delay
    main.o(i.Task2_Entry) refers to main.o(.data) for flag2
    main.o(i.Task3_Entry) refers to task.o(i.v_Task_Delay) for v_Task_Delay
    main.o(i.Task3_Entry) refers to main.o(.data) for flag3
    main.o(i.main) refers to task.o(i.x_Task_Create_Static) for x_Task_Create_Static
    main.o(i.main) refers to task.o(i.v_Task_Start_Scheduler) for v_Task_Start_Scheduler
    main.o(i.main) refers to main.o(.bss) for Task1TCB
    main.o(i.main) refers to main.o(i.Task1_Entry) for Task1_Entry
    main.o(i.main) refers to main.o(.data) for Task1_Handle
    main.o(i.main) refers to main.o(i.Task2_Entry) for Task2_Entry
    main.o(i.main) refers to main.o(i.Task3_Entry) for Task3_Entry
    main.o(i.v_Application_Get_Idle_Task_Memory) refers to main.o(.bss) for IdleTaskTCB
    port.o(.emb_text) refers to task.o(.data) for pxCurrentTCB
    port.o(.emb_text) refers to task.o(i.v_Task_Switch_Context) for v_Task_Switch_Context
    port.o(i.SysTick_Handler) refers to task.o(i.x_Task_Increment_Tick) for x_Task_Increment_Tick
    port.o(i.px_Port_Initialise_Stack) refers to port.o(i.prv_Task_Exit_Error) for prv_Task_Exit_Error
    port.o(i.v_Port_Enter_Critical) refers to port.o(.data) for uxCriticalNesting
    port.o(i.v_Port_Exit_Critical) refers to port.o(.data) for uxCriticalNesting
    port.o(i.x_Port_Start_Scheduler) refers to port.o(i.v_Port_Setup_Timer_Interrupt) for v_Port_Setup_Timer_Interrupt
    port.o(i.x_Port_Start_Scheduler) refers to port.o(.emb_text) for prv_Start_First_Task
    task.o(i.prv_Add_Current_Task_To_Delayed_List) refers to list.o(i.ux_List_Remove) for ux_List_Remove
    task.o(i.prv_Add_Current_Task_To_Delayed_List) refers to list.o(i.v_List_Insert) for v_List_Insert
    task.o(i.prv_Add_Current_Task_To_Delayed_List) refers to task.o(.data) for xTickCount
    task.o(i.prv_Add_New_Task_To_Ready_List) refers to port.o(i.v_Port_Enter_Critical) for v_Port_Enter_Critical
    task.o(i.prv_Add_New_Task_To_Ready_List) refers to task.o(i.prv_Initialise_Task_Lists) for prv_Initialise_Task_Lists
    task.o(i.prv_Add_New_Task_To_Ready_List) refers to list.o(i.v_List_Insert_End) for v_List_Insert_End
    task.o(i.prv_Add_New_Task_To_Ready_List) refers to port.o(i.v_Port_Exit_Critical) for v_Port_Exit_Critical
    task.o(i.prv_Add_New_Task_To_Ready_List) refers to task.o(.data) for uxCurrentNumberOfTasks
    task.o(i.prv_Add_New_Task_To_Ready_List) refers to task.o(.bss) for px_Ready_Tasks_Lists
    task.o(i.prv_Initialise_New_Task) refers to list.o(i.v_List_Initialise_Item) for v_List_Initialise_Item
    task.o(i.prv_Initialise_New_Task) refers to port.o(i.px_Port_Initialise_Stack) for px_Port_Initialise_Stack
    task.o(i.prv_Initialise_Task_Lists) refers to list.o(i.v_List_Initialise) for v_List_Initialise
    task.o(i.prv_Initialise_Task_Lists) refers to task.o(.bss) for px_Ready_Tasks_Lists
    task.o(i.prv_Initialise_Task_Lists) refers to task.o(.data) for px_Delayed_Task_List
    task.o(i.prv_Reset_Next_Task_Unblock_Time) refers to task.o(.data) for px_Delayed_Task_List
    task.o(i.v_Task_Delay) refers to task.o(i.prv_Add_Current_Task_To_Delayed_List) for prv_Add_Current_Task_To_Delayed_List
    task.o(i.v_Task_Start_Scheduler) refers to main.o(i.v_Application_Get_Idle_Task_Memory) for v_Application_Get_Idle_Task_Memory
    task.o(i.v_Task_Start_Scheduler) refers to task.o(i.x_Task_Create_Static) for x_Task_Create_Static
    task.o(i.v_Task_Start_Scheduler) refers to port.o(i.x_Port_Start_Scheduler) for x_Port_Start_Scheduler
    task.o(i.v_Task_Start_Scheduler) refers to task.o(i.prvIdleTask) for prvIdleTask
    task.o(i.v_Task_Start_Scheduler) refers to task.o(.data) for xIdleTaskHandle
    task.o(i.v_Task_Switch_Context) refers to task.o(.data) for uxTopReadyPriority
    task.o(i.v_Task_Switch_Context) refers to task.o(.bss) for px_Ready_Tasks_Lists
    task.o(i.x_Task_Create_Static) refers to task.o(i.prv_Initialise_New_Task) for prv_Initialise_New_Task
    task.o(i.x_Task_Create_Static) refers to task.o(i.prv_Add_New_Task_To_Ready_List) for prv_Add_New_Task_To_Ready_List
    task.o(i.x_Task_Increment_Tick) refers to task.o(i.prv_Reset_Next_Task_Unblock_Time) for prv_Reset_Next_Task_Unblock_Time
    task.o(i.x_Task_Increment_Tick) refers to list.o(i.ux_List_Remove) for ux_List_Remove
    task.o(i.x_Task_Increment_Tick) refers to list.o(i.v_List_Insert_End) for v_List_Insert_End
    task.o(i.x_Task_Increment_Tick) refers to task.o(.data) for xTickCount
    task.o(i.x_Task_Increment_Tick) refers to task.o(.bss) for px_Ready_Tasks_Lists
    startup_armcm3.o(STACK) refers (Special) to heapauxi.o(.text) for __use_two_region_memory
    startup_armcm3.o(HEAP) refers (Special) to heapauxi.o(.text) for __use_two_region_memory
    startup_armcm3.o(RESET) refers (Special) to heapauxi.o(.text) for __use_two_region_memory
    startup_armcm3.o(RESET) refers to startup_armcm3.o(STACK) for __initial_sp
    startup_armcm3.o(RESET) refers to startup_armcm3.o(.text) for Reset_Handler
    startup_armcm3.o(RESET) refers to port.o(.emb_text) for SVC_Handler
    startup_armcm3.o(RESET) refers to port.o(i.SysTick_Handler) for SysTick_Handler
    startup_armcm3.o(.text) refers (Special) to heapauxi.o(.text) for __use_two_region_memory
    startup_armcm3.o(.text) refers to system_armcm3.o(i.SystemInit) for SystemInit
    startup_armcm3.o(.text) refers to __main.o(!!!main) for __main
    system_armcm3.o(i.SystemCoreClockUpdate) refers to system_armcm3.o(.data) for SystemCoreClock
    system_armcm3.o(i.SystemInit) refers to startup_armcm3.o(RESET) for __Vectors
    system_armcm3.o(i.SystemInit) refers to system_armcm3.o(.data) for SystemCoreClock
    __main.o(!!!main) refers to __rtentry.o(.ARM.Collect$$rtentry$$00000000) for __rt_entry
    __rtentry.o(.ARM.Collect$$rtentry$$00000000) refers (Special) to __rtentry2.o(.ARM.Collect$$rtentry$$0000000A) for __rt_entry_li
    __rtentry.o(.ARM.Collect$$rtentry$$00000000) refers (Special) to __rtentry2.o(.ARM.Collect$$rtentry$$0000000D) for __rt_entry_main
    __rtentry.o(.ARM.Collect$$rtentry$$00000000) refers (Special) to __rtentry2.o(.ARM.Collect$$rtentry$$0000000C) for __rt_entry_postli_1
    __rtentry.o(.ARM.Collect$$rtentry$$00000000) refers (Special) to __rtentry2.o(.ARM.Collect$$rtentry$$00000009) for __rt_entry_postsh_1
    __rtentry.o(.ARM.Collect$$rtentry$$00000000) refers (Special) to __rtentry2.o(.ARM.Collect$$rtentry$$00000002) for __rt_entry_presh_1
    __rtentry.o(.ARM.Collect$$rtentry$$00000000) refers (Special) to __rtentry5.o(.ARM.Collect$$rtentry$$00000005) for __rt_entry_sh
    __rtentry2.o(.ARM.Collect$$rtentry$$00000008) refers to boardinit2.o(.text) for _platform_post_stackheap_init
    __rtentry2.o(.ARM.Collect$$rtentry$$0000000A) refers to libinit.o(.ARM.Collect$$libinit$$00000000) for __rt_lib_init
    __rtentry2.o(.ARM.Collect$$rtentry$$0000000B) refers to boardinit3.o(.text) for _platform_post_lib_init
    __rtentry2.o(.ARM.Collect$$rtentry$$0000000D) refers to main.o(i.main) for main
    __rtentry2.o(.ARM.Collect$$rtentry$$0000000D) refers to exit.o(.text) for exit
    __rtentry2.o(.ARM.exidx) refers to __rtentry2.o(.ARM.Collect$$rtentry$$00000001) for .ARM.Collect$$rtentry$$00000001
    __rtentry2.o(.ARM.exidx) refers to __rtentry2.o(.ARM.Collect$$rtentry$$00000008) for .ARM.Collect$$rtentry$$00000008
    __rtentry2.o(.ARM.exidx) refers to __rtentry2.o(.ARM.Collect$$rtentry$$0000000A) for .ARM.Collect$$rtentry$$0000000A
    __rtentry2.o(.ARM.exidx) refers to __rtentry2.o(.ARM.Collect$$rtentry$$0000000B) for .ARM.Collect$$rtentry$$0000000B
    __rtentry2.o(.ARM.exidx) refers to __rtentry2.o(.ARM.Collect$$rtentry$$0000000D) for .ARM.Collect$$rtentry$$0000000D
    __rtentry4.o(.ARM.Collect$$rtentry$$00000004) refers to sys_stackheap_outer.o(.text) for __user_setup_stackheap
    __rtentry4.o(.ARM.exidx) refers to __rtentry4.o(.ARM.Collect$$rtentry$$00000004) for .ARM.Collect$$rtentry$$00000004
    __rtentry5.o(.ARM.Collect$$rtentry$$00000005) refers to __rtentry5.o(.ARM.Collect$$rtentry$$00002716) for __lit__00000000
    __rtentry5.o(.ARM.Collect$$rtentry$$00002716) refers to startup_armcm3.o(STACK) for __initial_sp
    __rtentry5.o(__vectab_stack_and_reset_sym_area) refers to startup_armcm3.o(STACK) for __initial_sp
    __rtentry5.o(__vectab_stack_and_reset_sym_area) refers to __main.o(!!!main) for __main
    __rtentry5.o(.ARM.exidx) refers to __rtentry5.o(.ARM.Collect$$rtentry$$00000005) for .ARM.Collect$$rtentry$$00000005
    __rtentry5.o(.ARM.exidx) refers to __rtentry5.o(.ARM.Collect$$rtentry$$00002716) for .ARM.Collect$$rtentry$$00002716
    sys_stackheap_outer.o(.text) refers to libspace.o(.text) for __user_perproc_libspace
    sys_stackheap_outer.o(.text) refers to sys_stackheap.o(.text) for __user_initial_stackheap
    exit.o(.text) refers to rtexit.o(.ARM.Collect$$rtexit$$00000000) for __rt_exit
    libinit.o(.ARM.Collect$$libinit$$00000000) refers (Special) to libinit2.o(.ARM.Collect$$libinit$$0000002E) for __rt_lib_init_alloca_1
    libinit.o(.ARM.Collect$$libinit$$00000000) refers (Special) to libinit2.o(.ARM.Collect$$libinit$$0000002C) for __rt_lib_init_argv_1
    libinit.o(.ARM.Collect$$libinit$$00000000) refers (Special) to libinit2.o(.ARM.Collect$$libinit$$0000001B) for __rt_lib_init_atexit_1
    libinit.o(.ARM.Collect$$libinit$$00000000) refers (Special) to libinit2.o(.ARM.Collect$$libinit$$00000021) for __rt_lib_init_clock_1
    libinit.o(.ARM.Collect$$libinit$$00000000) refers (Special) to libinit2.o(.ARM.Collect$$libinit$$00000032) for __rt_lib_init_cpp_1
    libinit.o(.ARM.Collect$$libinit$$00000000) refers (Special) to libinit2.o(.ARM.Collect$$libinit$$00000030) for __rt_lib_init_exceptions_1
    libinit.o(.ARM.Collect$$libinit$$00000000) refers (Special) to libinit2.o(.ARM.Collect$$libinit$$00000002) for __rt_lib_init_fp_1
    libinit.o(.ARM.Collect$$libinit$$00000000) refers (Special) to libinit2.o(.ARM.Collect$$libinit$$0000001F) for __rt_lib_init_fp_trap_1
    libinit.o(.ARM.Collect$$libinit$$00000000) refers (Special) to libinit2.o(.ARM.Collect$$libinit$$00000023) for __rt_lib_init_getenv_1
    libinit.o(.ARM.Collect$$libinit$$00000000) refers (Special) to libinit2.o(.ARM.Collect$$libinit$$0000000A) for __rt_lib_init_heap_1
    libinit.o(.ARM.Collect$$libinit$$00000000) refers (Special) to libinit2.o(.ARM.Collect$$libinit$$00000011) for __rt_lib_init_lc_collate_1
    libinit.o(.ARM.Collect$$libinit$$00000000) refers (Special) to libinit2.o(.ARM.Collect$$libinit$$00000013) for __rt_lib_init_lc_ctype_1
    libinit.o(.ARM.Collect$$libinit$$00000000) refers (Special) to libinit2.o(.ARM.Collect$$libinit$$00000015) for __rt_lib_init_lc_monetary_1
    libinit.o(.ARM.Collect$$libinit$$00000000) refers (Special) to libinit2.o(.ARM.Collect$$libinit$$00000017) for __rt_lib_init_lc_numeric_1
    libinit.o(.ARM.Collect$$libinit$$00000000) refers (Special) to libinit2.o(.ARM.Collect$$libinit$$00000019) for __rt_lib_init_lc_time_1
    libinit.o(.ARM.Collect$$libinit$$00000000) refers (Special) to libinit2.o(.ARM.Collect$$libinit$$00000004) for __rt_lib_init_preinit_1
    libinit.o(.ARM.Collect$$libinit$$00000000) refers (Special) to libinit2.o(.ARM.Collect$$libinit$$0000000E) for __rt_lib_init_rand_1
    libinit.o(.ARM.Collect$$libinit$$00000000) refers (Special) to libinit2.o(.ARM.Collect$$libinit$$00000033) for __rt_lib_init_return
    libinit.o(.ARM.Collect$$libinit$$00000000) refers (Special) to libinit2.o(.ARM.Collect$$libinit$$0000001D) for __rt_lib_init_signal_1
    libinit.o(.ARM.Collect$$libinit$$00000000) refers (Special) to libinit2.o(.ARM.Collect$$libinit$$00000025) for __rt_lib_init_stdio_1
    libinit.o(.ARM.Collect$$libinit$$00000000) refers (Special) to libinit2.o(.ARM.Collect$$libinit$$0000000C) for __rt_lib_init_user_alloc_1
    libspace.o(.text) refers to libspace.o(.bss) for __libspace_start
    sys_stackheap.o(.text) refers (Special) to indicate_semi.o(.text) for __semihosting_library_function
    sys_stackheap.o(.text) refers to use_no_semi.o(.text) for __I$use$semihosting
    rtexit.o(.ARM.Collect$$rtexit$$00000000) refers (Special) to rtexit2.o(.ARM.Collect$$rtexit$$00000004) for __rt_exit_exit
    rtexit.o(.ARM.Collect$$rtexit$$00000000) refers (Special) to rtexit2.o(.ARM.Collect$$rtexit$$00000003) for __rt_exit_ls
    rtexit.o(.ARM.Collect$$rtexit$$00000000) refers (Special) to rtexit2.o(.ARM.Collect$$rtexit$$00000002) for __rt_exit_prels_1
    rtexit.o(.ARM.exidx) refers (Special) to rtexit2.o(.ARM.Collect$$rtexit$$00000004) for __rt_exit_exit
    rtexit.o(.ARM.exidx) refers (Special) to rtexit2.o(.ARM.Collect$$rtexit$$00000003) for __rt_exit_ls
    rtexit.o(.ARM.exidx) refers (Special) to rtexit2.o(.ARM.Collect$$rtexit$$00000002) for __rt_exit_prels_1
    rtexit.o(.ARM.exidx) refers to rtexit.o(.ARM.Collect$$rtexit$$00000000) for .ARM.Collect$$rtexit$$00000000
    libinit2.o(.ARM.Collect$$libinit$$00000010) refers to libinit2.o(.ARM.Collect$$libinit$$0000000F) for .ARM.Collect$$libinit$$0000000F
    libinit2.o(.ARM.Collect$$libinit$$00000012) refers to libinit2.o(.ARM.Collect$$libinit$$0000000F) for .ARM.Collect$$libinit$$0000000F
    libinit2.o(.ARM.Collect$$libinit$$00000014) refers to libinit2.o(.ARM.Collect$$libinit$$0000000F) for .ARM.Collect$$libinit$$0000000F
    libinit2.o(.ARM.Collect$$libinit$$00000016) refers to libinit2.o(.ARM.Collect$$libinit$$0000000F) for .ARM.Collect$$libinit$$0000000F
    libinit2.o(.ARM.Collect$$libinit$$00000018) refers to libinit2.o(.ARM.Collect$$libinit$$0000000F) for .ARM.Collect$$libinit$$0000000F
    libinit2.o(.ARM.Collect$$libinit$$00000026) refers to argv_veneer.o(.emb_text) for __ARM_argv_veneer
    libinit2.o(.ARM.Collect$$libinit$$00000027) refers to argv_veneer.o(.emb_text) for __ARM_argv_veneer
    libinit3.o(.ARM.Collect$$libinit$$00000006) refers to libinit3.o(.ARM.Collect$$libinit$$00002717) for __lit__00000000
    libinit3.o(.ARM.Collect$$libinit$$00002717) refers to startup_armcm3.o(HEAP) for __heap_base
    libinit3.o(.ARM.Collect$$libinit$$00000028) refers to libinit3.o(.ARM.Collect$$libinit$$00002739) for __lit__00000002
    libinit3.o(.ARM.Collect$$libinit$$00000028) refers to argv_veneer.o(.emb_text) for __ARM_argv_veneer
    libinit3.o(.ARM.Collect$$libinit$$00002739) refers to startup_armcm3.o(HEAP) for __heap_base
    rtexit2.o(.ARM.Collect$$rtexit$$00000003) refers to libshutdown.o(.ARM.Collect$$libshutdown$$00000000) for __rt_lib_shutdown
    rtexit2.o(.ARM.Collect$$rtexit$$00000004) refers to sys_exit.o(.text) for _sys_exit
    rtexit2.o(.ARM.exidx) refers to rtexit2.o(.ARM.Collect$$rtexit$$00000001) for .ARM.Collect$$rtexit$$00000001
    rtexit2.o(.ARM.exidx) refers to rtexit2.o(.ARM.Collect$$rtexit$$00000003) for .ARM.Collect$$rtexit$$00000003
    rtexit2.o(.ARM.exidx) refers to rtexit2.o(.ARM.Collect$$rtexit$$00000004) for .ARM.Collect$$rtexit$$00000004
    argv_veneer.o(.emb_text) refers to no_argv.o(.text) for __ARM_get_argv
    sys_exit.o(.text) refers (Special) to use_no_semi.o(.text) for __I$use$semihosting
    sys_exit.o(.text) refers (Special) to indicate_semi.o(.text) for __semihosting_library_function
    _get_argv_nomalloc.o(.text) refers (Special) to hrguard.o(.text) for __heap_region$guard
    _get_argv_nomalloc.o(.text) refers to defsig_rtmem_outer.o(.text) for __rt_SIGRTMEM
    _get_argv_nomalloc.o(.text) refers to sys_command.o(.text) for _sys_command_string
    libshutdown.o(.ARM.Collect$$libshutdown$$00000000) refers (Special) to libshutdown2.o(.ARM.Collect$$libshutdown$$00000004) for __rt_lib_shutdown_cpp_1
    libshutdown.o(.ARM.Collect$$libshutdown$$00000000) refers (Special) to libshutdown2.o(.ARM.Collect$$libshutdown$$00000002) for __rt_lib_shutdown_fini_1
    libshutdown.o(.ARM.Collect$$libshutdown$$00000000) refers (Special) to libshutdown2.o(.ARM.Collect$$libshutdown$$00000009) for __rt_lib_shutdown_fp_trap_1
    libshutdown.o(.ARM.Collect$$libshutdown$$00000000) refers (Special) to libshutdown2.o(.ARM.Collect$$libshutdown$$00000011) for __rt_lib_shutdown_heap_1
    libshutdown.o(.ARM.Collect$$libshutdown$$00000000) refers (Special) to libshutdown2.o(.ARM.Collect$$libshutdown$$00000012) for __rt_lib_shutdown_return
    libshutdown.o(.ARM.Collect$$libshutdown$$00000000) refers (Special) to libshutdown2.o(.ARM.Collect$$libshutdown$$0000000C) for __rt_lib_shutdown_signal_1
    libshutdown.o(.ARM.Collect$$libshutdown$$00000000) refers (Special) to libshutdown2.o(.ARM.Collect$$libshutdown$$00000006) for __rt_lib_shutdown_stdio_1
    libshutdown.o(.ARM.Collect$$libshutdown$$00000000) refers (Special) to libshutdown2.o(.ARM.Collect$$libshutdown$$0000000E) for __rt_lib_shutdown_user_alloc_1
    sys_command.o(.text) refers (Special) to use_no_semi.o(.text) for __I$use$semihosting
    sys_command.o(.text) refers (Special) to indicate_semi.o(.text) for __semihosting_library_function
    defsig_rtmem_outer.o(.text) refers to defsig_rtmem_inner.o(.text) for __rt_SIGRTMEM_inner
    defsig_rtmem_outer.o(.text) refers to defsig_exit.o(.text) for __sig_exit
    defsig_rtmem_formal.o(.text) refers to rt_raise.o(.text) for __rt_raise
    rt_raise.o(.text) refers to __raise.o(.text) for __raise
    rt_raise.o(.text) refers to sys_exit.o(.text) for _sys_exit
    defsig_exit.o(.text) refers to sys_exit.o(.text) for _sys_exit
    defsig_rtmem_inner.o(.text) refers to defsig_general.o(.text) for __default_signal_display
    __raise.o(.text) refers to defsig.o(CL$$defsig) for __default_signal_handler
    defsig_general.o(.text) refers to sys_wrch.o(.text) for _ttywrch
    sys_wrch.o(.text) refers (Special) to use_no_semi.o(.text) for __I$use$semihosting
    sys_wrch.o(.text) refers (Special) to indicate_semi.o(.text) for __semihosting_library_function
    defsig.o(CL$$defsig) refers to defsig_rtmem_inner.o(.text) for __rt_SIGRTMEM_inner
    defsig_abrt_inner.o(.text) refers to defsig_general.o(.text) for __default_signal_display
    defsig_fpe_inner.o(.text) refers to defsig_general.o(.text) for __default_signal_display
    defsig_rtred_inner.o(.text) refers to defsig_general.o(.text) for __default_signal_display
    defsig_stak_inner.o(.text) refers to defsig_general.o(.text) for __default_signal_display
    defsig_pvfn_inner.o(.text) refers to defsig_general.o(.text) for __default_signal_display
    defsig_cppl_inner.o(.text) refers to defsig_general.o(.text) for __default_signal_display
    defsig_segv_inner.o(.text) refers to defsig_general.o(.text) for __default_signal_display
    defsig_other.o(.text) refers to defsig_general.o(.text) for __default_signal_display


==============================================================================

Removing Unused input sections from the image.

    Removing port.o(.rev16_text), (4 bytes).
    Removing port.o(.revsh_text), (4 bytes).
    Removing port.o(.rrx_text), (6 bytes).
    Removing startup_armcm3.o(HEAP), (3072 bytes).
    Removing system_armcm3.o(.rev16_text), (4 bytes).
    Removing system_armcm3.o(.revsh_text), (4 bytes).
    Removing system_armcm3.o(.rrx_text), (6 bytes).
    Removing system_armcm3.o(i.SystemCoreClockUpdate), (16 bytes).

8 unused section(s) (total 3116 bytes) removed from the image.

==============================================================================

Image Symbol Table

    Local Symbols

    Symbol Name                              Value     Ov Type        Size  Object(Section)

    RESET                                    0x00000000   Section      960  startup_armcm3.o(RESET)
    ../clib/angel/boardlib.s                 0x00000000   Number         0  boardshut.o ABSOLUTE
    ../clib/angel/boardlib.s                 0x00000000   Number         0  boardinit3.o ABSOLUTE
    ../clib/angel/boardlib.s                 0x00000000   Number         0  boardinit2.o ABSOLUTE
    ../clib/angel/boardlib.s                 0x00000000   Number         0  boardinit1.o ABSOLUTE
    ../clib/angel/handlers.s                 0x00000000   Number         0  __scatter_zi.o ABSOLUTE
    ../clib/angel/handlers.s                 0x00000000   Number         0  __scatter_copy.o ABSOLUTE
    ../clib/angel/kernel.s                   0x00000000   Number         0  __rtentry5.o ABSOLUTE
    ../clib/angel/kernel.s                   0x00000000   Number         0  rtexit2.o ABSOLUTE
    ../clib/angel/kernel.s                   0x00000000   Number         0  __rtentry4.o ABSOLUTE
    ../clib/angel/kernel.s                   0x00000000   Number         0  __rtentry2.o ABSOLUTE
    ../clib/angel/kernel.s                   0x00000000   Number         0  __rtentry.o ABSOLUTE
    ../clib/angel/kernel.s                   0x00000000   Number         0  rtexit.o ABSOLUTE
    ../clib/angel/rt.s                       0x00000000   Number         0  rt_raise.o ABSOLUTE
    ../clib/angel/scatter.s                  0x00000000   Number         0  __scatter.o ABSOLUTE
    ../clib/angel/startup.s                  0x00000000   Number         0  __main.o ABSOLUTE
    ../clib/angel/sys.s                      0x00000000   Number         0  sys_stackheap.o ABSOLUTE
    ../clib/angel/sys.s                      0x00000000   Number         0  libspace.o ABSOLUTE
    ../clib/angel/sys.s                      0x00000000   Number         0  indicate_semi.o ABSOLUTE
    ../clib/angel/sys.s                      0x00000000   Number         0  use_no_semi.o ABSOLUTE
    ../clib/angel/sys.s                      0x00000000   Number         0  sys_stackheap_outer.o ABSOLUTE
    ../clib/angel/sysapp.c                   0x00000000   Number         0  sys_command.o ABSOLUTE
    ../clib/angel/sysapp.c                   0x00000000   Number         0  sys_wrch.o ABSOLUTE
    ../clib/angel/sysapp.c                   0x00000000   Number         0  sys_exit.o ABSOLUTE
    ../clib/armsys.c                         0x00000000   Number         0  _get_argv_nomalloc.o ABSOLUTE
    ../clib/armsys.c                         0x00000000   Number         0  no_argv.o ABSOLUTE
    ../clib/armsys.c                         0x00000000   Number         0  argv_veneer.o ABSOLUTE
    ../clib/armsys.c                         0x00000000   Number         0  argv_veneer.o ABSOLUTE
    ../clib/heapalloc.c                      0x00000000   Number         0  hrguard.o ABSOLUTE
    ../clib/heapaux.c                        0x00000000   Number         0  heapauxi.o ABSOLUTE
    ../clib/libinit.s                        0x00000000   Number         0  libinit.o ABSOLUTE
    ../clib/libinit.s                        0x00000000   Number         0  libshutdown.o ABSOLUTE
    ../clib/libinit.s                        0x00000000   Number         0  libshutdown2.o ABSOLUTE
    ../clib/libinit.s                        0x00000000   Number         0  libinit3.o ABSOLUTE
    ../clib/libinit.s                        0x00000000   Number         0  libinit2.o ABSOLUTE
    ../clib/signal.c                         0x00000000   Number         0  defsig_other.o ABSOLUTE
    ../clib/signal.c                         0x00000000   Number         0  defsig_segv_inner.o ABSOLUTE
    ../clib/signal.c                         0x00000000   Number         0  defsig_general.o ABSOLUTE
    ../clib/signal.c                         0x00000000   Number         0  __raise.o ABSOLUTE
    ../clib/signal.c                         0x00000000   Number         0  defsig_rtmem_inner.o ABSOLUTE
    ../clib/signal.c                         0x00000000   Number         0  defsig_exit.o ABSOLUTE
    ../clib/signal.c                         0x00000000   Number         0  defsig_rtred_inner.o ABSOLUTE
    ../clib/signal.c                         0x00000000   Number         0  defsig_stak_inner.o ABSOLUTE
    ../clib/signal.c                         0x00000000   Number         0  defsig_pvfn_inner.o ABSOLUTE
    ../clib/signal.c                         0x00000000   Number         0  defsig_abrt_inner.o ABSOLUTE
    ../clib/signal.c                         0x00000000   Number         0  defsig_rtmem_formal.o ABSOLUTE
    ../clib/signal.c                         0x00000000   Number         0  defsig_rtmem_outer.o ABSOLUTE
    ../clib/signal.c                         0x00000000   Number         0  defsig_fpe_inner.o ABSOLUTE
    ../clib/signal.c                         0x00000000   Number         0  defsig_cppl_inner.o ABSOLUTE
    ../clib/signal.s                         0x00000000   Number         0  defsig.o ABSOLUTE
    ../clib/stdlib.c                         0x00000000   Number         0  exit.o ABSOLUTE
    ../fplib/fpinit.s                        0x00000000   Number         0  fpinit.o ABSOLUTE
    ..\User\main.c                           0x00000000   Number         0  main.o ABSOLUTE
    ..\\freertos\\portable\\RVDS\\ARM_CM3\\port.c 0x00000000   Number         0  port.o ABSOLUTE
    ..\freertos\list.c                       0x00000000   Number         0  list.o ABSOLUTE
    ..\freertos\portable\RVDS\ARM_CM3\port.c 0x00000000   Number         0  port.o ABSOLUTE
    ..\freertos\task.c                       0x00000000   Number         0  task.o ABSOLUTE
    RTE\Device\ARMCM3\startup_ARMCM3.s       0x00000000   Number         0  startup_armcm3.o ABSOLUTE
    RTE\Device\ARMCM3\system_ARMCM3.c        0x00000000   Number         0  system_armcm3.o ABSOLUTE
    RTE\\Device\\ARMCM3\\system_ARMCM3.c     0x00000000   Number         0  system_armcm3.o ABSOLUTE
    dc.s                                     0x00000000   Number         0  dc.o ABSOLUTE
    !!!main                                  0x000003c0   Section        8  __main.o(!!!main)
    !!!scatter                               0x000003c8   Section       52  __scatter.o(!!!scatter)
    !!handler_copy                           0x000003fc   Section       26  __scatter_copy.o(!!handler_copy)
    !!handler_zi                             0x00000418   Section       28  __scatter_zi.o(!!handler_zi)
    .ARM.Collect$$libinit$$00000000          0x00000434   Section        2  libinit.o(.ARM.Collect$$libinit$$00000000)
    .ARM.Collect$$libinit$$00000002          0x00000436   Section        0  libinit2.o(.ARM.Collect$$libinit$$00000002)
    .ARM.Collect$$libinit$$00000004          0x00000436   Section        0  libinit2.o(.ARM.Collect$$libinit$$00000004)
    .ARM.Collect$$libinit$$0000000A          0x00000436   Section        0  libinit2.o(.ARM.Collect$$libinit$$0000000A)
    .ARM.Collect$$libinit$$0000000C          0x00000436   Section        0  libinit2.o(.ARM.Collect$$libinit$$0000000C)
    .ARM.Collect$$libinit$$0000000E          0x00000436   Section        0  libinit2.o(.ARM.Collect$$libinit$$0000000E)
    .ARM.Collect$$libinit$$00000011          0x00000436   Section        0  libinit2.o(.ARM.Collect$$libinit$$00000011)
    .ARM.Collect$$libinit$$00000013          0x00000436   Section        0  libinit2.o(.ARM.Collect$$libinit$$00000013)
    .ARM.Collect$$libinit$$00000015          0x00000436   Section        0  libinit2.o(.ARM.Collect$$libinit$$00000015)
    .ARM.Collect$$libinit$$00000017          0x00000436   Section        0  libinit2.o(.ARM.Collect$$libinit$$00000017)
    .ARM.Collect$$libinit$$00000019          0x00000436   Section        0  libinit2.o(.ARM.Collect$$libinit$$00000019)
    .ARM.Collect$$libinit$$0000001B          0x00000436   Section        0  libinit2.o(.ARM.Collect$$libinit$$0000001B)
    .ARM.Collect$$libinit$$0000001D          0x00000436   Section        0  libinit2.o(.ARM.Collect$$libinit$$0000001D)
    .ARM.Collect$$libinit$$0000001F          0x00000436   Section        0  libinit2.o(.ARM.Collect$$libinit$$0000001F)
    .ARM.Collect$$libinit$$00000021          0x00000436   Section        0  libinit2.o(.ARM.Collect$$libinit$$00000021)
    .ARM.Collect$$libinit$$00000023          0x00000436   Section        0  libinit2.o(.ARM.Collect$$libinit$$00000023)
    .ARM.Collect$$libinit$$00000025          0x00000436   Section        0  libinit2.o(.ARM.Collect$$libinit$$00000025)
    .ARM.Collect$$libinit$$0000002C          0x00000436   Section        0  libinit2.o(.ARM.Collect$$libinit$$0000002C)
    .ARM.Collect$$libinit$$0000002E          0x00000436   Section        0  libinit2.o(.ARM.Collect$$libinit$$0000002E)
    .ARM.Collect$$libinit$$00000030          0x00000436   Section        0  libinit2.o(.ARM.Collect$$libinit$$00000030)
    .ARM.Collect$$libinit$$00000032          0x00000436   Section        0  libinit2.o(.ARM.Collect$$libinit$$00000032)
    .ARM.Collect$$libinit$$00000033          0x00000436   Section        2  libinit2.o(.ARM.Collect$$libinit$$00000033)
    .ARM.Collect$$libshutdown$$00000000      0x00000438   Section        2  libshutdown.o(.ARM.Collect$$libshutdown$$00000000)
    .ARM.Collect$$libshutdown$$00000002      0x0000043a   Section        0  libshutdown2.o(.ARM.Collect$$libshutdown$$00000002)
    .ARM.Collect$$libshutdown$$00000004      0x0000043a   Section        0  libshutdown2.o(.ARM.Collect$$libshutdown$$00000004)
    .ARM.Collect$$libshutdown$$00000006      0x0000043a   Section        0  libshutdown2.o(.ARM.Collect$$libshutdown$$00000006)
    .ARM.Collect$$libshutdown$$00000009      0x0000043a   Section        0  libshutdown2.o(.ARM.Collect$$libshutdown$$00000009)
    .ARM.Collect$$libshutdown$$0000000C      0x0000043a   Section        0  libshutdown2.o(.ARM.Collect$$libshutdown$$0000000C)
    .ARM.Collect$$libshutdown$$0000000E      0x0000043a   Section        0  libshutdown2.o(.ARM.Collect$$libshutdown$$0000000E)
    .ARM.Collect$$libshutdown$$00000011      0x0000043a   Section        0  libshutdown2.o(.ARM.Collect$$libshutdown$$00000011)
    .ARM.Collect$$libshutdown$$00000012      0x0000043a   Section        2  libshutdown2.o(.ARM.Collect$$libshutdown$$00000012)
    .ARM.Collect$$rtentry$$00000000          0x0000043c   Section        0  __rtentry.o(.ARM.Collect$$rtentry$$00000000)
    .ARM.Collect$$rtentry$$00000002          0x0000043c   Section        0  __rtentry2.o(.ARM.Collect$$rtentry$$00000002)
    .ARM.Collect$$rtentry$$00000005          0x0000043c   Section        4  __rtentry5.o(.ARM.Collect$$rtentry$$00000005)
    .ARM.Collect$$rtentry$$00000009          0x00000440   Section        0  __rtentry2.o(.ARM.Collect$$rtentry$$00000009)
    .ARM.Collect$$rtentry$$0000000A          0x00000440   Section        4  __rtentry2.o(.ARM.Collect$$rtentry$$0000000A)
    .ARM.Collect$$rtentry$$0000000C          0x00000444   Section        0  __rtentry2.o(.ARM.Collect$$rtentry$$0000000C)
    .ARM.Collect$$rtentry$$0000000D          0x00000444   Section        8  __rtentry2.o(.ARM.Collect$$rtentry$$0000000D)
    .ARM.Collect$$rtentry$$00002716          0x0000044c   Section        4  __rtentry5.o(.ARM.Collect$$rtentry$$00002716)
    __lit__00000000                          0x0000044c   Data           4  __rtentry5.o(.ARM.Collect$$rtentry$$00002716)
    .ARM.Collect$$rtexit$$00000000           0x00000450   Section        2  rtexit.o(.ARM.Collect$$rtexit$$00000000)
    .ARM.Collect$$rtexit$$00000002           0x00000452   Section        0  rtexit2.o(.ARM.Collect$$rtexit$$00000002)
    .ARM.Collect$$rtexit$$00000003           0x00000452   Section        4  rtexit2.o(.ARM.Collect$$rtexit$$00000003)
    .ARM.Collect$$rtexit$$00000004           0x00000456   Section        6  rtexit2.o(.ARM.Collect$$rtexit$$00000004)
    .emb_text                                0x0000045c   Section      144  port.o(.emb_text)
    .text                                    0x000004ec   Section       56  startup_armcm3.o(.text)
    .text                                    0x00000524   Section        0  heapauxi.o(.text)
    .text                                    0x0000052a   Section        0  exit.o(.text)
    .text                                    0x0000053c   Section        2  use_no_semi.o(.text)
    .text                                    0x0000053e   Section        0  indicate_semi.o(.text)
    .text                                    0x00000540   Section        0  sys_exit.o(.text)
    i.SysTick_Handler                        0x0000054c   Section        0  port.o(i.SysTick_Handler)
    i.SystemInit                             0x00000588   Section        0  system_armcm3.o(i.SystemInit)
    i.Task1_Entry                            0x000005a8   Section        0  main.o(i.Task1_Entry)
    i.Task2_Entry                            0x000005c8   Section        0  main.o(i.Task2_Entry)
    i.Task3_Entry                            0x000005e8   Section        0  main.o(i.Task3_Entry)
    i.delay                                  0x00000608   Section        0  main.o(i.delay)
    i.main                                   0x00000614   Section        0  main.o(i.main)
    i.prvIdleTask                            0x000006cc   Section        0  task.o(i.prvIdleTask)
    prvIdleTask                              0x000006cd   Thumb Code     4  task.o(i.prvIdleTask)
    i.prv_Add_Current_Task_To_Delayed_List   0x000006d0   Section        0  task.o(i.prv_Add_Current_Task_To_Delayed_List)
    prv_Add_Current_Task_To_Delayed_List     0x000006d1   Thumb Code    98  task.o(i.prv_Add_Current_Task_To_Delayed_List)
    i.prv_Add_New_Task_To_Ready_List         0x0000074c   Section        0  task.o(i.prv_Add_New_Task_To_Ready_List)
    prv_Add_New_Task_To_Ready_List           0x0000074d   Thumb Code   110  task.o(i.prv_Add_New_Task_To_Ready_List)
    i.prv_Initialise_New_Task                0x000007d0   Section        0  task.o(i.prv_Initialise_New_Task)
    prv_Initialise_New_Task                  0x000007d1   Thumb Code   110  task.o(i.prv_Initialise_New_Task)
    i.prv_Initialise_Task_Lists              0x00000840   Section        0  task.o(i.prv_Initialise_Task_Lists)
    i.prv_Reset_Next_Task_Unblock_Time       0x00000888   Section        0  task.o(i.prv_Reset_Next_Task_Unblock_Time)
    prv_Reset_Next_Task_Unblock_Time         0x00000889   Thumb Code    42  task.o(i.prv_Reset_Next_Task_Unblock_Time)
    i.prv_Task_Exit_Error                    0x000008bc   Section        0  port.o(i.prv_Task_Exit_Error)
    prv_Task_Exit_Error                      0x000008bd   Thumb Code     4  port.o(i.prv_Task_Exit_Error)
    i.px_Port_Initialise_Stack               0x000008c0   Section        0  port.o(i.px_Port_Initialise_Stack)
    i.ux_List_Remove                         0x000008e4   Section        0  list.o(i.ux_List_Remove)
    i.v_Application_Get_Idle_Task_Memory     0x0000090c   Section        0  main.o(i.v_Application_Get_Idle_Task_Memory)
    i.v_List_Initialise                      0x00000924   Section        0  list.o(i.v_List_Initialise)
    i.v_List_Initialise_Item                 0x0000093e   Section        0  list.o(i.v_List_Initialise_Item)
    i.v_List_Insert                          0x00000944   Section        0  list.o(i.v_List_Insert)
    i.v_List_Insert_End                      0x00000978   Section        0  list.o(i.v_List_Insert_End)
    i.v_Port_Enter_Critical                  0x00000990   Section        0  port.o(i.v_Port_Enter_Critical)
    i.v_Port_Exit_Critical                   0x000009b4   Section        0  port.o(i.v_Port_Exit_Critical)
    i.v_Port_Setup_Timer_Interrupt           0x000009d4   Section        0  port.o(i.v_Port_Setup_Timer_Interrupt)
    i.v_Task_Delay                           0x000009e4   Section        0  task.o(i.v_Task_Delay)
    i.v_Task_Start_Scheduler                 0x00000a04   Section        0  task.o(i.v_Task_Start_Scheduler)
    i.v_Task_Switch_Context                  0x00000a64   Section        0  task.o(i.v_Task_Switch_Context)
    i.x_Port_Start_Scheduler                 0x00000aa8   Section        0  port.o(i.x_Port_Start_Scheduler)
    i.x_Task_Create_Static                   0x00000ad0   Section        0  task.o(i.x_Task_Create_Static)
    i.x_Task_Increment_Tick                  0x00000b14   Section        0  task.o(i.x_Task_Increment_Tick)
    .data                                    0x20000000   Section       16  main.o(.data)
    .data                                    0x20000010   Section        4  port.o(.data)
    uxCriticalNesting                        0x20000010   Data           4  port.o(.data)
    .data                                    0x20000014   Section       40  task.o(.data)
    uxCurrentNumberOfTasks                   0x20000018   Data           4  task.o(.data)
    xIdleTaskHandle                          0x2000001c   Data           4  task.o(.data)
    xTickCount                               0x20000020   Data           4  task.o(.data)
    uxTopReadyPriority                       0x20000024   Data           4  task.o(.data)
    uxTaskNumber                             0x20000028   Data           4  task.o(.data)
    px_Delayed_Task_List                     0x2000002c   Data           4  task.o(.data)
    px_Overflow_Delayed_Task_List            0x20000030   Data           4  task.o(.data)
    xNextTaskUnblockTime                     0x20000034   Data           4  task.o(.data)
    xNumOfOverflows                          0x20000038   Data           4  task.o(.data)
    .data                                    0x2000003c   Section        4  system_armcm3.o(.data)
    .bss                                     0x20000040   Section     2256  main.o(.bss)
    .bss                                     0x20000910   Section      140  task.o(.bss)
    x_Delayed_Task_List1                     0x20000974   Data          20  task.o(.bss)
    x_Delayed_Task_List2                     0x20000988   Data          20  task.o(.bss)
    STACK                                    0x200009a0   Section     1024  startup_armcm3.o(STACK)

    Global Symbols

    Symbol Name                              Value     Ov Type        Size  Object(Section)

    BuildAttributes$$THM_ISAv4$P$D$K$B$S$PE$A:L22UL41UL21$X:L11$S22US41US21$IEEE1$IW$USESV6$~STKCKD$USESV7$~SHL$OSPACE$ROPI$EBA8$UX$STANDARDLIB$REQ8$PRES8$EABIv2 0x00000000   Number         0  anon$$obj.o ABSOLUTE
    __ARM_use_no_argv                        0x00000000   Number         0  main.o ABSOLUTE
    __Vectors                                0x00000000   Data           4  startup_armcm3.o(RESET)
    Image$$ZI$$Limit                          - Undefined Weak Reference
    __ARM_exceptions_init                     - Undefined Weak Reference
    __alloca_initialize                       - Undefined Weak Reference
    __arm_fini_                               - Undefined Weak Reference
    __arm_preinit_                            - Undefined Weak Reference
    __cpp_initialize__aeabi_                  - Undefined Weak Reference
    __cxa_finalize                            - Undefined Weak Reference
    __rt_locale                               - Undefined Weak Reference
    __sigvec_lookup                           - Undefined Weak Reference
    _atexit_init                              - Undefined Weak Reference
    _call_atexit_fns                          - Undefined Weak Reference
    _clock_init                               - Undefined Weak Reference
    _fp_trap_init                             - Undefined Weak Reference
    _fp_trap_shutdown                         - Undefined Weak Reference
    _get_lc_collate                           - Undefined Weak Reference
    _get_lc_ctype                             - Undefined Weak Reference
    _get_lc_monetary                          - Undefined Weak Reference
    _get_lc_numeric                           - Undefined Weak Reference
    _get_lc_time                              - Undefined Weak Reference
    _getenv_init                              - Undefined Weak Reference
    _handle_redirection                       - Undefined Weak Reference
    _init_alloc                               - Undefined Weak Reference
    _init_user_alloc                          - Undefined Weak Reference
    _initio                                   - Undefined Weak Reference
    _rand_init                                - Undefined Weak Reference
    _signal_finish                            - Undefined Weak Reference
    _signal_init                              - Undefined Weak Reference
    _terminate_alloc                          - Undefined Weak Reference
    _terminate_user_alloc                     - Undefined Weak Reference
    _terminateio                              - Undefined Weak Reference
    __Vectors_End                            0x000003c0   Data           0  startup_armcm3.o(RESET)
    __Vectors_Size                           0x000003c0   Number         0  startup_armcm3.o ABSOLUTE
    __main                                   0x000003c1   Thumb Code     8  __main.o(!!!main)
    __scatterload                            0x000003c9   Thumb Code     0  __scatter.o(!!!scatter)
    __scatterload_rt2                        0x000003c9   Thumb Code    44  __scatter.o(!!!scatter)
    __scatterload_rt2_thumb_only             0x000003c9   Thumb Code     0  __scatter.o(!!!scatter)
    __scatterload_null                       0x000003d7   Thumb Code     0  __scatter.o(!!!scatter)
    __scatterload_copy                       0x000003fd   Thumb Code    26  __scatter_copy.o(!!handler_copy)
    __scatterload_zeroinit                   0x00000419   Thumb Code    28  __scatter_zi.o(!!handler_zi)
    __rt_lib_init                            0x00000435   Thumb Code     0  libinit.o(.ARM.Collect$$libinit$$00000000)
    __rt_lib_init_alloca_1                   0x00000437   Thumb Code     0  libinit2.o(.ARM.Collect$$libinit$$0000002E)
    __rt_lib_init_argv_1                     0x00000437   Thumb Code     0  libinit2.o(.ARM.Collect$$libinit$$0000002C)
    __rt_lib_init_atexit_1                   0x00000437   Thumb Code     0  libinit2.o(.ARM.Collect$$libinit$$0000001B)
    __rt_lib_init_clock_1                    0x00000437   Thumb Code     0  libinit2.o(.ARM.Collect$$libinit$$00000021)
    __rt_lib_init_cpp_1                      0x00000437   Thumb Code     0  libinit2.o(.ARM.Collect$$libinit$$00000032)
    __rt_lib_init_exceptions_1               0x00000437   Thumb Code     0  libinit2.o(.ARM.Collect$$libinit$$00000030)
    __rt_lib_init_fp_1                       0x00000437   Thumb Code     0  libinit2.o(.ARM.Collect$$libinit$$00000002)
    __rt_lib_init_fp_trap_1                  0x00000437   Thumb Code     0  libinit2.o(.ARM.Collect$$libinit$$0000001F)
    __rt_lib_init_getenv_1                   0x00000437   Thumb Code     0  libinit2.o(.ARM.Collect$$libinit$$00000023)
    __rt_lib_init_heap_1                     0x00000437   Thumb Code     0  libinit2.o(.ARM.Collect$$libinit$$0000000A)
    __rt_lib_init_lc_collate_1               0x00000437   Thumb Code     0  libinit2.o(.ARM.Collect$$libinit$$00000011)
    __rt_lib_init_lc_ctype_1                 0x00000437   Thumb Code     0  libinit2.o(.ARM.Collect$$libinit$$00000013)
    __rt_lib_init_lc_monetary_1              0x00000437   Thumb Code     0  libinit2.o(.ARM.Collect$$libinit$$00000015)
    __rt_lib_init_lc_numeric_1               0x00000437   Thumb Code     0  libinit2.o(.ARM.Collect$$libinit$$00000017)
    __rt_lib_init_lc_time_1                  0x00000437   Thumb Code     0  libinit2.o(.ARM.Collect$$libinit$$00000019)
    __rt_lib_init_preinit_1                  0x00000437   Thumb Code     0  libinit2.o(.ARM.Collect$$libinit$$00000004)
    __rt_lib_init_rand_1                     0x00000437   Thumb Code     0  libinit2.o(.ARM.Collect$$libinit$$0000000E)
    __rt_lib_init_return                     0x00000437   Thumb Code     0  libinit2.o(.ARM.Collect$$libinit$$00000033)
    __rt_lib_init_signal_1                   0x00000437   Thumb Code     0  libinit2.o(.ARM.Collect$$libinit$$0000001D)
    __rt_lib_init_stdio_1                    0x00000437   Thumb Code     0  libinit2.o(.ARM.Collect$$libinit$$00000025)
    __rt_lib_init_user_alloc_1               0x00000437   Thumb Code     0  libinit2.o(.ARM.Collect$$libinit$$0000000C)
    __rt_lib_shutdown                        0x00000439   Thumb Code     0  libshutdown.o(.ARM.Collect$$libshutdown$$00000000)
    __rt_lib_shutdown_cpp_1                  0x0000043b   Thumb Code     0  libshutdown2.o(.ARM.Collect$$libshutdown$$00000004)
    __rt_lib_shutdown_fini_1                 0x0000043b   Thumb Code     0  libshutdown2.o(.ARM.Collect$$libshutdown$$00000002)
    __rt_lib_shutdown_fp_trap_1              0x0000043b   Thumb Code     0  libshutdown2.o(.ARM.Collect$$libshutdown$$00000009)
    __rt_lib_shutdown_heap_1                 0x0000043b   Thumb Code     0  libshutdown2.o(.ARM.Collect$$libshutdown$$00000011)
    __rt_lib_shutdown_return                 0x0000043b   Thumb Code     0  libshutdown2.o(.ARM.Collect$$libshutdown$$00000012)
    __rt_lib_shutdown_signal_1               0x0000043b   Thumb Code     0  libshutdown2.o(.ARM.Collect$$libshutdown$$0000000C)
    __rt_lib_shutdown_stdio_1                0x0000043b   Thumb Code     0  libshutdown2.o(.ARM.Collect$$libshutdown$$00000006)
    __rt_lib_shutdown_user_alloc_1           0x0000043b   Thumb Code     0  libshutdown2.o(.ARM.Collect$$libshutdown$$0000000E)
    __rt_entry                               0x0000043d   Thumb Code     0  __rtentry.o(.ARM.Collect$$rtentry$$00000000)
    __rt_entry_presh_1                       0x0000043d   Thumb Code     0  __rtentry2.o(.ARM.Collect$$rtentry$$00000002)
    __rt_entry_sh                            0x0000043d   Thumb Code     0  __rtentry5.o(.ARM.Collect$$rtentry$$00000005)
    __rt_entry_li                            0x00000441   Thumb Code     0  __rtentry2.o(.ARM.Collect$$rtentry$$0000000A)
    __rt_entry_postsh_1                      0x00000441   Thumb Code     0  __rtentry2.o(.ARM.Collect$$rtentry$$00000009)
    __rt_entry_main                          0x00000445   Thumb Code     0  __rtentry2.o(.ARM.Collect$$rtentry$$0000000D)
    __rt_entry_postli_1                      0x00000445   Thumb Code     0  __rtentry2.o(.ARM.Collect$$rtentry$$0000000C)
    __rt_exit                                0x00000451   Thumb Code     0  rtexit.o(.ARM.Collect$$rtexit$$00000000)
    __rt_exit_ls                             0x00000453   Thumb Code     0  rtexit2.o(.ARM.Collect$$rtexit$$00000003)
    __rt_exit_prels_1                        0x00000453   Thumb Code     0  rtexit2.o(.ARM.Collect$$rtexit$$00000002)
    __rt_exit_exit                           0x00000457   Thumb Code     0  rtexit2.o(.ARM.Collect$$rtexit$$00000004)
    prv_Start_First_Task                     0x0000045d   Thumb Code    28  port.o(.emb_text)
    SVC_Handler                              0x0000047d   Thumb Code    32  port.o(.emb_text)
    PendSV_Handler                           0x000004a1   Thumb Code    72  port.o(.emb_text)
    Reset_Handler                            0x000004ed   Thumb Code     8  startup_armcm3.o(.text)
    HardFault_Handler                        0x000004f5   Thumb Code     2  startup_armcm3.o(.text)
    NMI_Handler                              0x000004f7   Thumb Code     2  startup_armcm3.o(.text)
    MemManage_Handler                        0x000004f9   Thumb Code     2  startup_armcm3.o(.text)
    BusFault_Handler                         0x000004fb   Thumb Code     2  startup_armcm3.o(.text)
    UsageFault_Handler                       0x000004fd   Thumb Code     2  startup_armcm3.o(.text)
    DebugMon_Handler                         0x00000501   Thumb Code     2  startup_armcm3.o(.text)
    Interrupt0_Handler                       0x00000507   Thumb Code     2  startup_armcm3.o(.text)
    Interrupt1_Handler                       0x00000509   Thumb Code     2  startup_armcm3.o(.text)
    Interrupt2_Handler                       0x0000050b   Thumb Code     2  startup_armcm3.o(.text)
    Interrupt3_Handler                       0x0000050d   Thumb Code     2  startup_armcm3.o(.text)
    Interrupt4_Handler                       0x0000050f   Thumb Code     2  startup_armcm3.o(.text)
    Interrupt5_Handler                       0x00000511   Thumb Code     2  startup_armcm3.o(.text)
    Interrupt6_Handler                       0x00000513   Thumb Code     2  startup_armcm3.o(.text)
    Interrupt7_Handler                       0x00000515   Thumb Code     2  startup_armcm3.o(.text)
    Interrupt8_Handler                       0x00000517   Thumb Code     2  startup_armcm3.o(.text)
    Interrupt9_Handler                       0x00000519   Thumb Code     2  startup_armcm3.o(.text)
    __use_two_region_memory                  0x00000525   Thumb Code     2  heapauxi.o(.text)
    __rt_heap_escrow$2region                 0x00000527   Thumb Code     2  heapauxi.o(.text)
    __rt_heap_expand$2region                 0x00000529   Thumb Code     2  heapauxi.o(.text)
    exit                                     0x0000052b   Thumb Code    18  exit.o(.text)
    __I$use$semihosting                      0x0000053d   Thumb Code     0  use_no_semi.o(.text)
    __use_no_semihosting_swi                 0x0000053d   Thumb Code     2  use_no_semi.o(.text)
    __semihosting_library_function           0x0000053f   Thumb Code     0  indicate_semi.o(.text)
    _sys_exit                                0x00000541   Thumb Code     8  sys_exit.o(.text)
    SysTick_Handler                          0x0000054d   Thumb Code    54  port.o(i.SysTick_Handler)
    SystemInit                               0x00000589   Thumb Code    14  system_armcm3.o(i.SystemInit)
    Task1_Entry                              0x000005a9   Thumb Code    28  main.o(i.Task1_Entry)
    Task2_Entry                              0x000005c9   Thumb Code    28  main.o(i.Task2_Entry)
    Task3_Entry                              0x000005e9   Thumb Code    26  main.o(i.Task3_Entry)
    delay                                    0x00000609   Thumb Code    10  main.o(i.delay)
    main                                     0x00000615   Thumb Code   112  main.o(i.main)
    prv_Initialise_Task_Lists                0x00000841   Thumb Code    52  task.o(i.prv_Initialise_Task_Lists)
    px_Port_Initialise_Stack                 0x000008c1   Thumb Code    30  port.o(i.px_Port_Initialise_Stack)
    ux_List_Remove                           0x000008e5   Thumb Code    40  list.o(i.ux_List_Remove)
    v_Application_Get_Idle_Task_Memory       0x0000090d   Thumb Code    14  main.o(i.v_Application_Get_Idle_Task_Memory)
    v_List_Initialise                        0x00000925   Thumb Code    26  list.o(i.v_List_Initialise)
    v_List_Initialise_Item                   0x0000093f   Thumb Code     6  list.o(i.v_List_Initialise_Item)
    v_List_Insert                            0x00000945   Thumb Code    52  list.o(i.v_List_Insert)
    v_List_Insert_End                        0x00000979   Thumb Code    24  list.o(i.v_List_Insert_End)
    v_Port_Enter_Critical                    0x00000991   Thumb Code    30  port.o(i.v_Port_Enter_Critical)
    v_Port_Exit_Critical                     0x000009b5   Thumb Code    28  port.o(i.v_Port_Exit_Critical)
    v_Port_Setup_Timer_Interrupt             0x000009d5   Thumb Code    16  port.o(i.v_Port_Setup_Timer_Interrupt)
    v_Task_Delay                             0x000009e5   Thumb Code    28  task.o(i.v_Task_Delay)
    v_Task_Start_Scheduler                   0x00000a05   Thumb Code    70  task.o(i.v_Task_Start_Scheduler)
    v_Task_Switch_Context                    0x00000a65   Thumb Code    54  task.o(i.v_Task_Switch_Context)
    x_Port_Start_Scheduler                   0x00000aa9   Thumb Code    36  port.o(i.x_Port_Start_Scheduler)
    x_Task_Create_Static                     0x00000ad1   Thumb Code    66  task.o(i.x_Task_Create_Static)
    x_Task_Increment_Tick                    0x00000b15   Thumb Code   178  task.o(i.x_Task_Increment_Tick)
    Region$$Table$$Base                      0x00000be8   Number         0  anon$$obj.o(Region$$Table)
    Region$$Table$$Limit                     0x00000c08   Number         0  anon$$obj.o(Region$$Table)
    flag1                                    0x20000000   Data           1  main.o(.data)
    flag2                                    0x20000001   Data           1  main.o(.data)
    flag3                                    0x20000002   Data           1  main.o(.data)
    Task1_Handle                             0x20000004   Data           4  main.o(.data)
    Task2_Handle                             0x20000008   Data           4  main.o(.data)
    Task3_Handle                             0x2000000c   Data           4  main.o(.data)
    pxCurrentTCB                             0x20000014   Data           4  task.o(.data)
    SystemCoreClock                          0x2000003c   Data           4  system_armcm3.o(.data)
    Task1Stack                               0x20000040   Data         512  main.o(.bss)
    Task1TCB                                 0x20000240   Data          52  main.o(.bss)
    Task2Stack                               0x20000274   Data         512  main.o(.bss)
    Task2TCB                                 0x20000474   Data          52  main.o(.bss)
    Task3Stack                               0x200004a8   Data         512  main.o(.bss)
    Task3TCB                                 0x200006a8   Data          52  main.o(.bss)
    IdleTaskStack                            0x200006dc   Data         512  main.o(.bss)
    IdleTaskTCB                              0x200008dc   Data          52  main.o(.bss)
    px_Ready_Tasks_Lists                     0x20000910   Data         100  task.o(.bss)
    __stack_limit                            0x200009a0   Data           0  startup_armcm3.o(STACK)
    __initial_sp                             0x20000da0   Data           0  startup_armcm3.o(STACK)



==============================================================================

Memory Map of the image

  Image Entry point : 0x000003c1

  Load Region LR_IROM1 (Base: 0x00000000, Size: 0x00000c48, Max: 0x00040000, ABSOLUTE)

    Execution Region ER_IROM1 (Exec base: 0x00000000, Load base: 0x00000000, Size: 0x00000c08, Max: 0x00040000, ABSOLUTE)

    Exec Addr    Load Addr    Size         Type   Attr      Idx    E Section Name        Object

    0x00000000   0x00000000   0x000003c0   Data   RO          297    RESET               startup_armcm3.o
    0x000003c0   0x000003c0   0x00000008   Code   RO          343  * !!!main             c_w.l(__main.o)
    0x000003c8   0x000003c8   0x00000034   Code   RO          513    !!!scatter          c_w.l(__scatter.o)
    0x000003fc   0x000003fc   0x0000001a   Code   RO          515    !!handler_copy      c_w.l(__scatter_copy.o)
    0x00000416   0x00000416   0x00000002   PAD
    0x00000418   0x00000418   0x0000001c   Code   RO          517    !!handler_zi        c_w.l(__scatter_zi.o)
    0x00000434   0x00000434   0x00000002   Code   RO          375    .ARM.Collect$$libinit$$00000000  c_w.l(libinit.o)
    0x00000436   0x00000436   0x00000000   Code   RO          384    .ARM.Collect$$libinit$$00000002  c_w.l(libinit2.o)
    0x00000436   0x00000436   0x00000000   Code   RO          386    .ARM.Collect$$libinit$$00000004  c_w.l(libinit2.o)
    0x00000436   0x00000436   0x00000000   Code   RO          389    .ARM.Collect$$libinit$$0000000A  c_w.l(libinit2.o)
    0x00000436   0x00000436   0x00000000   Code   RO          391    .ARM.Collect$$libinit$$0000000C  c_w.l(libinit2.o)
    0x00000436   0x00000436   0x00000000   Code   RO          393    .ARM.Collect$$libinit$$0000000E  c_w.l(libinit2.o)
    0x00000436   0x00000436   0x00000000   Code   RO          396    .ARM.Collect$$libinit$$00000011  c_w.l(libinit2.o)
    0x00000436   0x00000436   0x00000000   Code   RO          398    .ARM.Collect$$libinit$$00000013  c_w.l(libinit2.o)
    0x00000436   0x00000436   0x00000000   Code   RO          400    .ARM.Collect$$libinit$$00000015  c_w.l(libinit2.o)
    0x00000436   0x00000436   0x00000000   Code   RO          402    .ARM.Collect$$libinit$$00000017  c_w.l(libinit2.o)
    0x00000436   0x00000436   0x00000000   Code   RO          404    .ARM.Collect$$libinit$$00000019  c_w.l(libinit2.o)
    0x00000436   0x00000436   0x00000000   Code   RO          406    .ARM.Collect$$libinit$$0000001B  c_w.l(libinit2.o)
    0x00000436   0x00000436   0x00000000   Code   RO          408    .ARM.Collect$$libinit$$0000001D  c_w.l(libinit2.o)
    0x00000436   0x00000436   0x00000000   Code   RO          410    .ARM.Collect$$libinit$$0000001F  c_w.l(libinit2.o)
    0x00000436   0x00000436   0x00000000   Code   RO          412    .ARM.Collect$$libinit$$00000021  c_w.l(libinit2.o)
    0x00000436   0x00000436   0x00000000   Code   RO          414    .ARM.Collect$$libinit$$00000023  c_w.l(libinit2.o)
    0x00000436   0x00000436   0x00000000   Code   RO          416    .ARM.Collect$$libinit$$00000025  c_w.l(libinit2.o)
    0x00000436   0x00000436   0x00000000   Code   RO          420    .ARM.Collect$$libinit$$0000002C  c_w.l(libinit2.o)
    0x00000436   0x00000436   0x00000000   Code   RO          422    .ARM.Collect$$libinit$$0000002E  c_w.l(libinit2.o)
    0x00000436   0x00000436   0x00000000   Code   RO          424    .ARM.Collect$$libinit$$00000030  c_w.l(libinit2.o)
    0x00000436   0x00000436   0x00000000   Code   RO          426    .ARM.Collect$$libinit$$00000032  c_w.l(libinit2.o)
    0x00000436   0x00000436   0x00000002   Code   RO          427    .ARM.Collect$$libinit$$00000033  c_w.l(libinit2.o)
    0x00000438   0x00000438   0x00000002   Code   RO          454    .ARM.Collect$$libshutdown$$00000000  c_w.l(libshutdown.o)
    0x0000043a   0x0000043a   0x00000000   Code   RO          464    .ARM.Collect$$libshutdown$$00000002  c_w.l(libshutdown2.o)
    0x0000043a   0x0000043a   0x00000000   Code   RO          466    .ARM.Collect$$libshutdown$$00000004  c_w.l(libshutdown2.o)
    0x0000043a   0x0000043a   0x00000000   Code   RO          468    .ARM.Collect$$libshutdown$$00000006  c_w.l(libshutdown2.o)
    0x0000043a   0x0000043a   0x00000000   Code   RO          471    .ARM.Collect$$libshutdown$$00000009  c_w.l(libshutdown2.o)
    0x0000043a   0x0000043a   0x00000000   Code   RO          474    .ARM.Collect$$libshutdown$$0000000C  c_w.l(libshutdown2.o)
    0x0000043a   0x0000043a   0x00000000   Code   RO          476    .ARM.Collect$$libshutdown$$0000000E  c_w.l(libshutdown2.o)
    0x0000043a   0x0000043a   0x00000000   Code   RO          479    .ARM.Collect$$libshutdown$$00000011  c_w.l(libshutdown2.o)
    0x0000043a   0x0000043a   0x00000002   Code   RO          480    .ARM.Collect$$libshutdown$$00000012  c_w.l(libshutdown2.o)
    0x0000043c   0x0000043c   0x00000000   Code   RO          345    .ARM.Collect$$rtentry$$00000000  c_w.l(__rtentry.o)
    0x0000043c   0x0000043c   0x00000000   Code   RO          347    .ARM.Collect$$rtentry$$00000002  c_w.l(__rtentry2.o)
    0x0000043c   0x0000043c   0x00000004   Code   RO          361    .ARM.Collect$$rtentry$$00000005  c_w.l(__rtentry5.o)
    0x00000440   0x00000440   0x00000000   Code   RO          349    .ARM.Collect$$rtentry$$00000009  c_w.l(__rtentry2.o)
    0x00000440   0x00000440   0x00000004   Code   RO          350    .ARM.Collect$$rtentry$$0000000A  c_w.l(__rtentry2.o)
    0x00000444   0x00000444   0x00000000   Code   RO          352    .ARM.Collect$$rtentry$$0000000C  c_w.l(__rtentry2.o)
    0x00000444   0x00000444   0x00000008   Code   RO          353    .ARM.Collect$$rtentry$$0000000D  c_w.l(__rtentry2.o)
    0x0000044c   0x0000044c   0x00000004   Code   RO          362    .ARM.Collect$$rtentry$$00002716  c_w.l(__rtentry5.o)
    0x00000450   0x00000450   0x00000002   Code   RO          381    .ARM.Collect$$rtexit$$00000000  c_w.l(rtexit.o)
    0x00000452   0x00000452   0x00000000   Code   RO          436    .ARM.Collect$$rtexit$$00000002  c_w.l(rtexit2.o)
    0x00000452   0x00000452   0x00000004   Code   RO          437    .ARM.Collect$$rtexit$$00000003  c_w.l(rtexit2.o)
    0x00000456   0x00000456   0x00000006   Code   RO          438    .ARM.Collect$$rtexit$$00000004  c_w.l(rtexit2.o)
    0x0000045c   0x0000045c   0x00000090   Code   RO           83    .emb_text           port.o
    0x000004ec   0x000004ec   0x00000038   Code   RO          298    .text               startup_armcm3.o
    0x00000524   0x00000524   0x00000006   Code   RO          341    .text               c_w.l(heapauxi.o)
    0x0000052a   0x0000052a   0x00000012   Code   RO          368    .text               c_w.l(exit.o)
    0x0000053c   0x0000053c   0x00000002   Code   RO          432    .text               c_w.l(use_no_semi.o)
    0x0000053e   0x0000053e   0x00000000   Code   RO          434    .text               c_w.l(indicate_semi.o)
    0x0000053e   0x0000053e   0x00000002   PAD
    0x00000540   0x00000540   0x0000000c   Code   RO          446    .text               c_w.l(sys_exit.o)
    0x0000054c   0x0000054c   0x0000003c   Code   RO           84    i.SysTick_Handler   port.o
    0x00000588   0x00000588   0x00000020   Code   RO          306    i.SystemInit        system_armcm3.o
    0x000005a8   0x000005a8   0x00000020   Code   RO            1    i.Task1_Entry       main.o
    0x000005c8   0x000005c8   0x00000020   Code   RO            2    i.Task2_Entry       main.o
    0x000005e8   0x000005e8   0x00000020   Code   RO            3    i.Task3_Entry       main.o
    0x00000608   0x00000608   0x0000000a   Code   RO            4    i.delay             main.o
    0x00000612   0x00000612   0x00000002   PAD
    0x00000614   0x00000614   0x000000b8   Code   RO            5    i.main              main.o
    0x000006cc   0x000006cc   0x00000004   Code   RO          220    i.prvIdleTask       task.o
    0x000006d0   0x000006d0   0x0000007c   Code   RO          221    i.prv_Add_Current_Task_To_Delayed_List  task.o
    0x0000074c   0x0000074c   0x00000084   Code   RO          222    i.prv_Add_New_Task_To_Ready_List  task.o
    0x000007d0   0x000007d0   0x0000006e   Code   RO          223    i.prv_Initialise_New_Task  task.o
    0x0000083e   0x0000083e   0x00000002   PAD
    0x00000840   0x00000840   0x00000048   Code   RO          224    i.prv_Initialise_Task_Lists  task.o
    0x00000888   0x00000888   0x00000034   Code   RO          225    i.prv_Reset_Next_Task_Unblock_Time  task.o
    0x000008bc   0x000008bc   0x00000004   Code   RO           85    i.prv_Task_Exit_Error  port.o
    0x000008c0   0x000008c0   0x00000024   Code   RO           86    i.px_Port_Initialise_Stack  port.o
    0x000008e4   0x000008e4   0x00000028   Code   RO          178    i.ux_List_Remove    list.o
    0x0000090c   0x0000090c   0x00000018   Code   RO            6    i.v_Application_Get_Idle_Task_Memory  main.o
    0x00000924   0x00000924   0x0000001a   Code   RO          179    i.v_List_Initialise  list.o
    0x0000093e   0x0000093e   0x00000006   Code   RO          180    i.v_List_Initialise_Item  list.o
    0x00000944   0x00000944   0x00000034   Code   RO          181    i.v_List_Insert     list.o
    0x00000978   0x00000978   0x00000018   Code   RO          182    i.v_List_Insert_End  list.o
    0x00000990   0x00000990   0x00000024   Code   RO           87    i.v_Port_Enter_Critical  port.o
    0x000009b4   0x000009b4   0x00000020   Code   RO           88    i.v_Port_Exit_Critical  port.o
    0x000009d4   0x000009d4   0x00000010   Code   RO           89    i.v_Port_Setup_Timer_Interrupt  port.o
    0x000009e4   0x000009e4   0x00000020   Code   RO          226    i.v_Task_Delay      task.o
    0x00000a04   0x00000a04   0x00000060   Code   RO          227    i.v_Task_Start_Scheduler  task.o
    0x00000a64   0x00000a64   0x00000044   Code   RO          228    i.v_Task_Switch_Context  task.o
    0x00000aa8   0x00000aa8   0x00000028   Code   RO           90    i.x_Port_Start_Scheduler  port.o
    0x00000ad0   0x00000ad0   0x00000042   Code   RO          229    i.x_Task_Create_Static  task.o
    0x00000b12   0x00000b12   0x00000002   PAD
    0x00000b14   0x00000b14   0x000000d4   Code   RO          230    i.x_Task_Increment_Tick  task.o
    0x00000be8   0x00000be8   0x00000020   Data   RO          511    Region$$Table       anon$$obj.o


    Execution Region RW_IRAM1 (Exec base: 0x20000000, Load base: 0x00000c08, Size: 0x00000da0, Max: 0x00020000, ABSOLUTE)

    Exec Addr    Load Addr    Size         Type   Attr      Idx    E Section Name        Object

    0x20000000   0x00000c08   0x00000010   Data   RW            8    .data               main.o
    0x20000010   0x00000c18   0x00000004   Data   RW           91    .data               port.o
    0x20000014   0x00000c1c   0x00000028   Data   RW          232    .data               task.o
    0x2000003c   0x00000c44   0x00000004   Data   RW          307    .data               system_armcm3.o
    0x20000040        -       0x000008d0   Zero   RW            7    .bss                main.o
    0x20000910        -       0x0000008c   Zero   RW          231    .bss                task.o
    0x2000099c   0x00000c48   0x00000004   PAD
    0x200009a0        -       0x00000400   Zero   RW          295    STACK               startup_armcm3.o


==============================================================================

Image component sizes


      Code (inc. data)   RO Data    RW Data    ZI Data      Debug   Object Name

       148          0          0          0          0       6938   list.o
       314         96          0         16       2256      13970   main.o
       368         38          0          4          0       6832   port.o
        56         10        960          0       1024       1184   startup_armcm3.o
        32         18          0          4          0        691   system_armcm3.o
       968        156          0         40        140       9635   task.o

    ----------------------------------------------------------------------
      1892        318        992         64       3424      39250   Object Totals
         0          0         32          0          0          0   (incl. Generated)
         6          0          0          0          4          0   (incl. Padding)

    ----------------------------------------------------------------------

      Code (inc. data)   RO Data    RW Data    ZI Data      Debug   Library Member Name

         8          0          0          0          0         68   __main.o
         0          0          0          0          0          0   __rtentry.o
        12          0          0          0          0          0   __rtentry2.o
         8          4          0          0          0          0   __rtentry5.o
        52          8          0          0          0          0   __scatter.o
        26          0          0          0          0          0   __scatter_copy.o
        28          0          0          0          0          0   __scatter_zi.o
        18          0          0          0          0         80   exit.o
         6          0          0          0          0        152   heapauxi.o
         0          0          0          0          0          0   indicate_semi.o
         2          0          0          0          0          0   libinit.o
         2          0          0          0          0          0   libinit2.o
         2          0          0          0          0          0   libshutdown.o
         2          0          0          0          0          0   libshutdown2.o
         2          0          0          0          0          0   rtexit.o
        10          0          0          0          0          0   rtexit2.o
        12          4          0          0          0         68   sys_exit.o
         2          0          0          0          0         68   use_no_semi.o

    ----------------------------------------------------------------------
       196         16          0          0          0        436   Library Totals
         4          0          0          0          0          0   (incl. Padding)

    ----------------------------------------------------------------------

      Code (inc. data)   RO Data    RW Data    ZI Data      Debug   Library Name

       192         16          0          0          0        436   c_w.l

    ----------------------------------------------------------------------
       196         16          0          0          0        436   Library Totals

    ----------------------------------------------------------------------

==============================================================================


      Code (inc. data)   RO Data    RW Data    ZI Data      Debug   

      2088        334        992         64       3424      38174   Grand Totals
      2088        334        992         64       3424      38174   ELF Image Totals
      2088        334        992         64          0          0   ROM Totals

==============================================================================

    Total RO  Size (Code + RO Data)                 3080 (   3.01kB)
    Total RW  Size (RW Data + ZI Data)              3488 (   3.41kB)
    Total ROM Size (Code + RO Data + RW Data)       3144 (   3.07kB)

==============================================================================

